Starting CAP Project Generator...
Using @sap/cds-dk [10.0.7] from /extbin/globals/bun/global/install/node_modules/@sap/cds-dk
Using @sap/generator-cap-project [2.1.3] from [/extbin/globals/bun/global/install/node_modules/@sap/generator-cap-project]
Using root path [/home/user/projects]

Creating project with approuter, connectivity, destination, hana, html5-repo, mta, nodejs, xsuaa

Adding facet: nodejs
Adding facet: mta
Adding facet: xsuaa
Adding facet: hana
Adding facet: approuter
Adding facet: connectivity
Adding facet: destination
Adding facet: html5-repo

Successfully initialized CAP project
Continue with: code FirstCapDev 


Installing dependencies...

added 82 packages, and audited 194 packages in 9s

34 packages are looking for funding
  run `npm fund` for details

found 0 vulnerabilities

Finished installing dependencies

Done setting up project FirstCapDev
Project is ready to use

